
> Configure project :
Architect Plugin: 3.4.162
Architectury Loom: 1.11.458

> Configure project :common
Previous process has disowned the lock due to abrupt termination.
Found existing cache lock file (ACQUIRED_PREVIOUS_OWNER_DISOWNED), rebuilding loom cache. This may have been caused by a failed or canceled build.

[Incubating] Problems report is available at: file:///C:/Users/PCGAMER/Documents/GitHub/WizardsDx/build/reports/problems/problems-report.html
./gradlew : 
At line:1 char:1
+ ./gradlew build --stacktrace > build_errors_v2.log 2>&1
+ ~~~~~~~~~~~~~~~~~~~~~~~~~~~~~~~~~~~~~~~~~~~~~~~~~~~~~~~
    + CategoryInfo          : NotSpecified: (:String) [], RemoteException
    + FullyQualifiedErrorId : NativeCommandError
 
FAILURE: Build failed with an exception.

* What went wrong:
A problem occurred configuring project ':common'.
> Could not resolve all files for configuration ':common:modImplementation'.
   > Could not find maven.modrinth:tiny-config:2.3.2-fabric.
     Searched in the following locations:
       - file:/C:/Users/PCGAMER/Documents/GitHub/WizardsDx/.gradle/loom-cache/remapped
_mods/maven/modrinth/tiny-config/2.3.2-fabric/tiny-config-2.3.2-fabric.pom
       - file:/C:/Users/PCGAMER/.gradle/caches/fabric-loom/minecraftMaven/maven/modrin
th/tiny-config/2.3.2-fabric/tiny-config-2.3.2-fabric.pom
       - file:/C:/Users/PCGAMER/Documents/GitHub/WizardsDx/.gradle/loom-cache/minecraf
tMaven/maven/modrinth/tiny-config/2.3.2-fabric/tiny-config-2.3.2-fabric.pom
       - file:/C:/Users/PCGAMER/.gradle/caches/fabric-loom/forge/transformed-dependenc
ies-v1/maven/modrinth/tiny-config/2.3.2-fabric/tiny-config-2.3.2-fabric.pom
       - https://maven.fabricmc.net/maven/modrinth/tiny-config/2.3.2-fabric/tiny-confi
g-2.3.2-fabric.pom
       - https://libraries.minecraft.net/maven/modrinth/tiny-config/2.3.2-fabric/tiny-
config-2.3.2-fabric.pom
       - https://libraries.minecraft.net/maven/modrinth/tiny-config/2.3.2-fabric/tiny-
config-2.3.2-fabric.jar
       - https://repo.maven.apache.org/maven2/maven/modrinth/tiny-config/2.3.2-fabric/
tiny-config-2.3.2-fabric.jar
       - https://repo.maven.apache.org/maven2/maven/modrinth/tiny-config/2.3.2-fabric/
tiny-config-2.3.2-fabric.pom
       - https://maven.architectury.dev/maven/modrinth/tiny-config/2.3.2-fabric/tiny-c
onfig-2.3.2-fabric.pom
       - https://maven.kosmx.dev/maven/modrinth/tiny-config/2.3.2-fabric/tiny-config-2
.3.2-fabric.pom
       - https://maven.shedaniel.me/maven/modrinth/tiny-config/2.3.2-fabric/tiny-confi
g-2.3.2-fabric.pom
       - https://maven.azuredoom.com/mods/maven/modrinth/tiny-config/2.3.2-fabric/tiny
-config-2.3.2-fabric.pom
       - https://maven.terraformersmc.com/maven/modrinth/tiny-config/2.3.2-fabric/tiny
-config-2.3.2-fabric.pom
       - https://api.modrinth.com/maven/maven/modrinth/tiny-config/2.3.2-fabric/tiny-c
onfig-2.3.2-fabric.pom
       - https://maven.ladysnake.org/releases/maven/modrinth/tiny-config/2.3.2-fabric/
tiny-config-2.3.2-fabric.pom
       - https://maven.wispforest.io/releases/maven/modrinth/tiny-config/2.3.2-fabric/
tiny-config-2.3.2-fabric.pom
       - https://maven.su5ed.dev/releases/maven/modrinth/tiny-config/2.3.2-fabric/tiny
-config-2.3.2-fabric.pom
       - file:/C:/Users/PCGAMER/.m2/repository/maven/modrinth/tiny-config/2.3.2-fabric
/tiny-config-2.3.2-fabric.pom
     Required by:
         project :common
   > Could not find io.wispforest:accessories-common:1.0.0-beta.24+1.20.1.
     Searched in the following locations:
       - file:/C:/Users/PCGAMER/Documents/GitHub/WizardsDx/.gradle/loom-cache/remapped
_mods/io/wispforest/accessories-common/1.0.0-beta.24+1.20.1/accessories-common-1.0.0-b
eta.24+1.20.1.pom
       - file:/C:/Users/PCGAMER/.gradle/caches/fabric-loom/minecraftMaven/io/wispfores
t/accessories-common/1.0.0-beta.24+1.20.1/accessories-common-1.0.0-beta.24+1.20.1.pom
       - file:/C:/Users/PCGAMER/Documents/GitHub/WizardsDx/.gradle/loom-cache/minecraf
tMaven/io/wispforest/accessories-common/1.0.0-beta.24+1.20.1/accessories-common-1.0.0-
beta.24+1.20.1.pom
       - file:/C:/Users/PCGAMER/.gradle/caches/fabric-loom/forge/transformed-dependenc
ies-v1/io/wispforest/accessories-common/1.0.0-beta.24+1.20.1/accessories-common-1.0.0-
beta.24+1.20.1.pom
       - https://maven.fabricmc.net/io/wispforest/accessories-common/1.0.0-beta.24+1.2
0.1/accessories-common-1.0.0-beta.24+1.20.1.pom
       - https://libraries.minecraft.net/io/wispforest/accessories-common/1.0.0-beta.2
4+1.20.1/accessories-common-1.0.0-beta.24+1.20.1.pom
       - https://libraries.minecraft.net/io/wispforest/accessories-common/1.0.0-beta.2
4+1.20.1/accessories-common-1.0.0-beta.24+1.20.1.jar
       - https://repo.maven.apache.org/maven2/io/wispforest/accessories-common/1.0.0-b
eta.24+1.20.1/accessories-common-1.0.0-beta.24+1.20.1.jar
       - https://repo.maven.apache.org/maven2/io/wispforest/accessories-common/1.0.0-b
eta.24+1.20.1/accessories-common-1.0.0-beta.24+1.20.1.pom
       - https://maven.architectury.dev/io/wispforest/accessories-common/1.0.0-beta.24
+1.20.1/accessories-common-1.0.0-beta.24+1.20.1.pom
       - https://maven.kosmx.dev/io/wispforest/accessories-common/1.0.0-beta.24+1.20.1
/accessories-common-1.0.0-beta.24+1.20.1.pom
       - https://maven.shedaniel.me/io/wispforest/accessories-common/1.0.0-beta.24+1.2
0.1/accessories-common-1.0.0-beta.24+1.20.1.pom
       - https://maven.azuredoom.com/mods/io/wispforest/accessories-common/1.0.0-beta.
24+1.20.1/accessories-common-1.0.0-beta.24+1.20.1.pom
       - https://maven.terraformersmc.com/io/wispforest/accessories-common/1.0.0-beta.
24+1.20.1/accessories-common-1.0.0-beta.24+1.20.1.pom
       - https://maven.ladysnake.org/releases/io/wispforest/accessories-common/1.0.0-b
eta.24+1.20.1/accessories-common-1.0.0-beta.24+1.20.1.pom
       - https://maven.wispforest.io/releases/io/wispforest/accessories-common/1.0.0-b
eta.24+1.20.1/accessories-common-1.0.0-beta.24+1.20.1.pom
       - https://maven.su5ed.dev/releases/io/wispforest/accessories-common/1.0.0-beta.
24+1.20.1/accessories-common-1.0.0-beta.24+1.20.1.pom
       - file:/C:/Users/PCGAMER/.m2/repository/io/wispforest/accessories-common/1.0.0-
beta.24+1.20.1/accessories-common-1.0.0-beta.24+1.20.1.pom
     Required by:
         project :common

* Try:
> Run with --info or --debug option to get more log output.
> Run with --scan to get full insights.
> Get more help at https://help.gradle.org.

* Exception is:
org.gradle.api.ProjectConfigurationException: A problem occurred configuring project 
':common'.
	at org.gradle.configuration.project.LifecycleProjectEvaluator.wrapException(Lifecycle
ProjectEvaluator.java:84)
	at org.gradle.configuration.project.LifecycleProjectEvaluator.addConfigurationFailure
(LifecycleProjectEvaluator.java:77)
	at org.gradle.configuration.project.LifecycleProjectEvaluator.access$500(LifecyclePro
jectEvaluator.java:55)
	at org.gradle.configuration.project.LifecycleProjectEvaluator$NotifyAfterEvaluate.run
(LifecycleProjectEvaluator.java:255)
	at org.gradle.internal.operations.DefaultBuildOperationRunner$1.execute(DefaultBuildO
perationRunner.java:30)
	at org.gradle.internal.operations.DefaultBuildOperationRunner$1.execute(DefaultBuildO
perationRunner.java:27)
	at org.gradle.internal.operations.DefaultBuildOperationRunner$2.execute(DefaultBuildO
perationRunner.java:67)
	at org.gradle.internal.operations.DefaultBuildOperationRunner$2.execute(DefaultBuildO
perationRunner.java:60)
	at org.gradle.internal.operations.DefaultBuildOperationRunner.execute(DefaultBuildOpe
rationRunner.java:167)
	at org.gradle.internal.operations.DefaultBuildOperationRunner.execute(DefaultBuildOpe
rationRunner.java:60)
	at org.gradle.internal.operations.DefaultBuildOperationRunner.run(DefaultBuildOperati
onRunner.java:48)
	at org.gradle.configuration.project.LifecycleProjectEvaluator$EvaluateProject.lambda$
run$0(LifecycleProjectEvaluator.java:114)
	at org.gradle.api.internal.project.DefaultProjectStateRegistry$ProjectStateImpl.lambd
a$applyToMutableState$1(DefaultProjectStateRegistry.java:435)
	at org.gradle.api.internal.project.DefaultProjectStateRegistry$ProjectStateImpl.lambd
a$fromMutableState$2(DefaultProjectStateRegistry.java:458)
	at org.gradle.internal.work.DefaultWorkerLeaseService.withReplacedLocks(DefaultWorker
LeaseService.java:359)
	at org.gradle.api.internal.project.DefaultProjectStateRegistry$ProjectStateImpl.fromM
utableState(DefaultProjectStateRegistry.java:458)
	at org.gradle.api.internal.project.DefaultProjectStateRegistry$ProjectStateImpl.apply
ToMutableState(DefaultProjectStateRegistry.java:434)
	at org.gradle.configuration.project.LifecycleProjectEvaluator$EvaluateProject.run(Lif
ecycleProjectEvaluator.java:100)
	at org.gradle.internal.operations.DefaultBuildOperationRunner$1.execute(DefaultBuildO
perationRunner.java:30)
	at org.gradle.internal.operations.DefaultBuildOperationRunner$1.execute(DefaultBuildO
perationRunner.java:27)
	at org.gradle.internal.operations.DefaultBuildOperationRunner$2.execute(DefaultBuildO
perationRunner.java:67)
	at org.gradle.internal.operations.DefaultBuildOperationRunner$2.execute(DefaultBuildO
perationRunner.java:60)
	at org.gradle.internal.operations.DefaultBuildOperationRunner.execute(DefaultBuildOpe
rationRunner.java:167)
	at org.gradle.internal.operations.DefaultBuildOperationRunner.execute(DefaultBuildOpe
rationRunner.java:60)
	at org.gradle.internal.operations.DefaultBuildOperationRunner.run(DefaultBuildOperati
onRunner.java:48)
	at org.gradle.configuration.project.LifecycleProjectEvaluator.evaluate(LifecycleProje
ctEvaluator.java:72)
	at org.gradle.api.internal.project.DefaultProject.evaluateUnchecked(DefaultProject.ja
va:827)
	at org.gradle.api.internal.project.ProjectLifecycleController.lambda$ensureSelfConfig
ured$2(ProjectLifecycleController.java:88)
	at org.gradle.internal.model.StateTransitionController.lambda$doTransition$14(StateTr
ansitionController.java:255)
	at org.gradle.internal.model.StateTransitionController.doTransition(StateTransitionCo
ntroller.java:266)
	at org.gradle.internal.model.StateTransitionController.doTransition(StateTransitionCo
ntroller.java:254)
	at org.gradle.internal.model.StateTransitionController.lambda$maybeTransitionIfNotCur
rentlyTransitioning$10(StateTransitionController.java:199)
	at org.gradle.internal.work.DefaultSynchronizer.withLock(DefaultSynchronizer.java:36)
	at org.gradle.internal.model.StateTransitionController.maybeTransitionIfNotCurrentlyT
ransitioning(StateTransitionController.java:195)
	at org.gradle.api.internal.project.ProjectLifecycleController.ensureSelfConfigured(Pr
ojectLifecycleController.java:88)
	at org.gradle.api.internal.project.DefaultProjectStateRegistry$ProjectStateImpl.ensur
eConfigured(DefaultProjectStateRegistry.java:400)
	at org.gradle.execution.TaskPathProjectEvaluator.configure(TaskPathProjectEvaluator.j
ava:70)
	at org.gradle.execution.TaskPathProjectEvaluator.configureHierarchy(TaskPathProjectEv
aluator.java:86)
	at org.gradle.configuration.DefaultProjectsPreparer.prepareProjects(DefaultProjectsPr
eparer.java:50)
	at org.gradle.configuration.BuildTreePreparingProjectsPreparer.prepareProjects(BuildT
reePreparingProjectsPreparer.java:65)
	at org.gradle.configuration.BuildOperationFiringProjectsPreparer$ConfigureBuild.run(B
uildOperationFiringProjectsPreparer.java:52)
	at org.gradle.internal.operations.DefaultBuildOperationRunner$1.execute(DefaultBuildO
perationRunner.java:30)
	at org.gradle.internal.operations.DefaultBuildOperationRunner$1.execute(DefaultBuildO
perationRunner.java:27)
	at org.gradle.internal.operations.DefaultBuildOperationRunner$2.execute(DefaultBuildO
perationRunner.java:67)
	at org.gradle.internal.operations.DefaultBuildOperationRunner$2.execute(DefaultBuildO
perationRunner.java:60)
	at org.gradle.internal.operations.DefaultBuildOperationRunner.execute(DefaultBuildOpe
rationRunner.java:167)
	at org.gradle.internal.operations.DefaultBuildOperationRunner.execute(DefaultBuildOpe
rationRunner.java:60)
	at org.gradle.internal.operations.DefaultBuildOperationRunner.run(DefaultBuildOperati
onRunner.java:48)
	at org.gradle.configuration.BuildOperationFiringProjectsPreparer.prepareProjects(Buil
dOperationFiringProjectsPreparer.java:40)
	at org.gradle.initialization.VintageBuildModelController.lambda$prepareProjects$2(Vin
tageBuildModelController.java:84)
	at org.gradle.internal.model.StateTransitionController.lambda$doTransition$14(StateTr
ansitionController.java:255)
	at org.gradle.internal.model.StateTransitionController.doTransition(StateTransitionCo
ntroller.java:266)
	at org.gradle.internal.model.StateTransitionController.doTransition(StateTransitionCo
ntroller.java:254)
	at org.gradle.internal.model.StateTransitionController.lambda$transitionIfNotPrevious
ly$11(StateTransitionController.java:213)
	at org.gradle.internal.work.DefaultSynchronizer.withLock(DefaultSynchronizer.java:36)
	at org.gradle.internal.model.StateTransitionController.transitionIfNotPreviously(Stat
eTransitionController.java:209)
	at org.gradle.initialization.VintageBuildModelController.prepareProjects(VintageBuild
ModelController.java:84)
	at org.gradle.initialization.VintageBuildModelController.prepareToScheduleTasks(Vinta
geBuildModelController.java:71)
	at org.gradle.internal.build.DefaultBuildLifecycleController.lambda$prepareToSchedule
Tasks$6(DefaultBuildLifecycleController.java:175)
	at org.gradle.internal.model.StateTransitionController.lambda$doTransition$14(StateTr
ansitionController.java:255)
	at org.gradle.internal.model.StateTransitionController.doTransition(StateTransitionCo
ntroller.java:266)
	at org.gradle.internal.model.StateTransitionController.doTransition(StateTransitionCo
ntroller.java:254)
	at org.gradle.internal.model.StateTransitionController.lambda$maybeTransition$9(State
TransitionController.java:190)
	at org.gradle.internal.work.DefaultSynchronizer.withLock(DefaultSynchronizer.java:36)
	at org.gradle.internal.model.StateTransitionController.maybeTransition(StateTransitio
nController.java:186)
	at org.gradle.internal.build.DefaultBuildLifecycleController.prepareToScheduleTasks(D
efaultBuildLifecycleController.java:173)
	at org.gradle.internal.buildtree.DefaultBuildTreeWorkPreparer.scheduleRequestedTasks(
DefaultBuildTreeWorkPreparer.java:36)
	at org.gradle.internal.cc.impl.VintageBuildTreeWorkController$scheduleAndRunRequested
Tasks$1.apply(VintageBuildTreeWorkController.kt:36)
	at org.gradle.internal.cc.impl.VintageBuildTreeWorkController$scheduleAndRunRequested
Tasks$1.apply(VintageBuildTreeWorkController.kt:35)
	at org.gradle.composite.internal.DefaultIncludedBuildTaskGraph.withNewWorkGraph(Defau
ltIncludedBuildTaskGraph.java:112)
	at org.gradle.internal.cc.impl.VintageBuildTreeWorkController.scheduleAndRunRequested
Tasks(VintageBuildTreeWorkController.kt:35)
	at org.gradle.internal.buildtree.DefaultBuildTreeLifecycleController.lambda$scheduleA
ndRunTasks$1(DefaultBuildTreeLifecycleController.java:77)
	at org.gradle.internal.buildtree.DefaultBuildTreeLifecycleController.lambda$runBuild$
4(DefaultBuildTreeLifecycleController.java:120)
	at org.gradle.internal.model.StateTransitionController.lambda$transition$6(StateTrans
itionController.java:169)
	at org.gradle.internal.model.StateTransitionController.doTransition(StateTransitionCo
ntroller.java:266)
	at org.gradle.internal.model.StateTransitionController.lambda$transition$7(StateTrans
itionController.java:169)
	at org.gradle.internal.work.DefaultSynchronizer.withLock(DefaultSynchronizer.java:46)
	at org.gradle.internal.model.StateTransitionController.transition(StateTransitionCont
roller.java:169)
	at org.gradle.internal.buildtree.DefaultBuildTreeLifecycleController.runBuild(Default
BuildTreeLifecycleController.java:117)
	at org.gradle.internal.buildtree.DefaultBuildTreeLifecycleController.scheduleAndRunTa
sks(DefaultBuildTreeLifecycleController.java:77)
	at org.gradle.internal.buildtree.DefaultBuildTreeLifecycleController.scheduleAndRunTa
sks(DefaultBuildTreeLifecycleController.java:72)
	at org.gradle.tooling.internal.provider.ExecuteBuildActionRunner.run(ExecuteBuildActi
onRunner.java:31)
	at org.gradle.launcher.exec.ChainingBuildActionRunner.run(ChainingBuildActionRunner.j
ava:35)
	at org.gradle.internal.buildtree.ProblemReportingBuildActionRunner.run(ProblemReporti
ngBuildActionRunner.java:49)
	at org.gradle.launcher.exec.BuildOutcomeReportingBuildActionRunner.run(BuildOutcomeRe
portingBuildActionRunner.java:71)
	at org.gradle.tooling.internal.provider.FileSystemWatchingBuildActionRunner.run(FileS
ystemWatchingBuildActionRunner.java:135)
	at org.gradle.launcher.exec.BuildCompletionNotifyingBuildActionRunner.run(BuildComple
tionNotifyingBuildActionRunner.java:41)
	at org.gradle.launcher.exec.RootBuildLifecycleBuildActionExecutor.lambda$execute$0(Ro
otBuildLifecycleBuildActionExecutor.java:54)
	at org.gradle.composite.internal.DefaultRootBuildState.run(DefaultRootBuildState.java
:130)
	at org.gradle.launcher.exec.RootBuildLifecycleBuildActionExecutor.execute(RootBuildLi
fecycleBuildActionExecutor.java:54)
	at org.gradle.internal.buildtree.InitDeprecationLoggingActionExecutor.execute(InitDep
recationLoggingActionExecutor.java:62)
	at org.gradle.internal.buildtree.InitProblems.execute(InitProblems.java:36)
	at org.gradle.internal.buildtree.DefaultBuildTreeContext.execute(DefaultBuildTreeCont
ext.java:40)
	at org.gradle.launcher.exec.BuildTreeLifecycleBuildActionExecutor.lambda$execute$0(Bu
ildTreeLifecycleBuildActionExecutor.java:71)
	at org.gradle.internal.buildtree.BuildTreeState.run(BuildTreeState.java:60)
	at org.gradle.launcher.exec.BuildTreeLifecycleBuildActionExecutor.execute(BuildTreeLi
fecycleBuildActionExecutor.java:71)
	at org.gradle.launcher.exec.RunAsBuildOperationBuildActionExecutor$2.call(RunAsBuildO
perationBuildActionExecutor.java:67)
	at org.gradle.launcher.exec.RunAsBuildOperationBuildActionExecutor$2.call(RunAsBuildO
perationBuildActionExecutor.java:63)
	at org.gradle.internal.operations.DefaultBuildOperationRunner$CallableBuildOperationW
orker.execute(DefaultBuildOperationRunner.java:210)
	at org.gradle.internal.operations.DefaultBuildOperationRunner$CallableBuildOperationW
orker.execute(DefaultBuildOperationRunner.java:205)
	at org.gradle.internal.operations.DefaultBuildOperationRunner$2.execute(DefaultBuildO
perationRunner.java:67)
	at org.gradle.internal.operations.DefaultBuildOperationRunner$2.execute(DefaultBuildO
perationRunner.java:60)
	at org.gradle.internal.operations.DefaultBuildOperationRunner.execute(DefaultBuildOpe
rationRunner.java:167)
	at org.gradle.internal.operations.DefaultBuildOperationRunner.execute(DefaultBuildOpe
rationRunner.java:60)
	at org.gradle.internal.operations.DefaultBuildOperationRunner.call(DefaultBuildOperat
ionRunner.java:54)
	at org.gradle.launcher.exec.RunAsBuildOperationBuildActionExecutor.execute(RunAsBuild
OperationBuildActionExecutor.java:63)
	at org.gradle.launcher.exec.RunAsWorkerThreadBuildActionExecutor.lambda$execute$0(Run
AsWorkerThreadBuildActionExecutor.java:36)
	at org.gradle.internal.work.DefaultWorkerLeaseService.withLocks(DefaultWorkerLeaseSer
vice.java:263)
	at org.gradle.internal.work.DefaultWorkerLeaseService.runAsWorkerThread(DefaultWorker
LeaseService.java:127)
	at org.gradle.launcher.exec.RunAsWorkerThreadBuildActionExecutor.execute(RunAsWorkerT
hreadBuildActionExecutor.java:36)
	at org.gradle.tooling.internal.provider.continuous.ContinuousBuildActionExecutor.exec
ute(ContinuousBuildActionExecutor.java:110)
	at org.gradle.tooling.internal.provider.SubscribableBuildActionExecutor.execute(Subsc
ribableBuildActionExecutor.java:64)
	at org.gradle.internal.session.DefaultBuildSessionContext.execute(DefaultBuildSession
Context.java:46)
	at org.gradle.internal.buildprocess.execution.BuildSessionLifecycleBuildActionExecuto
r$ActionImpl.apply(BuildSessionLifecycleBuildActionExecutor.java:92)
	at org.gradle.internal.buildprocess.execution.BuildSessionLifecycleBuildActionExecuto
r$ActionImpl.apply(BuildSessionLifecycleBuildActionExecutor.java:80)
	at org.gradle.internal.session.BuildSessionState.run(BuildSessionState.java:73)
	at org.gradle.internal.buildprocess.execution.BuildSessionLifecycleBuildActionExecuto
r.execute(BuildSessionLifecycleBuildActionExecutor.java:62)
	at org.gradle.internal.buildprocess.execution.BuildSessionLifecycleBuildActionExecuto
r.execute(BuildSessionLifecycleBuildActionExecutor.java:41)
	at org.gradle.internal.buildprocess.execution.StartParamsValidatingActionExecutor.exe
cute(StartParamsValidatingActionExecutor.java:64)
	at org.gradle.internal.buildprocess.execution.StartParamsValidatingActionExecutor.exe
cute(StartParamsValidatingActionExecutor.java:32)
	at org.gradle.internal.buildprocess.execution.SessionFailureReportingActionExecutor.e
xecute(SessionFailureReportingActionExecutor.java:51)
	at org.gradle.internal.buildprocess.execution.SessionFailureReportingActionExecutor.e
xecute(SessionFailureReportingActionExecutor.java:39)
	at org.gradle.internal.buildprocess.execution.SetupLoggingActionExecutor.execute(Setu
pLoggingActionExecutor.java:47)
	at org.gradle.internal.buildprocess.execution.SetupLoggingActionExecutor.execute(Setu
pLoggingActionExecutor.java:31)
	at org.gradle.launcher.daemon.server.exec.ExecuteBuild.doBuild(ExecuteBuild.java:70)
	at org.gradle.launcher.daemon.server.exec.BuildCommandOnly.execute(BuildCommandOnly.j
ava:37)
	at org.gradle.launcher.daemon.server.api.DaemonCommandExecution.proceed(DaemonCommand
Execution.java:104)
	at org.gradle.launcher.daemon.server.exec.WatchForDisconnection.execute(WatchForDisco
nnection.java:39)
	at org.gradle.launcher.daemon.server.api.DaemonCommandExecution.proceed(DaemonCommand
Execution.java:104)
	at org.gradle.launcher.daemon.server.exec.ResetDeprecationLogger.execute(ResetDepreca
tionLogger.java:29)
	at org.gradle.launcher.daemon.server.api.DaemonCommandExecution.proceed(DaemonCommand
Execution.java:104)
	at org.gradle.launcher.daemon.server.exec.RequestStopIfSingleUsedDaemon.execute(Reque
stStopIfSingleUsedDaemon.java:35)
	at org.gradle.launcher.daemon.server.api.DaemonCommandExecution.proceed(DaemonCommand
Execution.java:104)
	at org.gradle.launcher.daemon.server.exec.ForwardClientInput.lambda$execute$0(Forward
ClientInput.java:40)
	at org.gradle.internal.daemon.clientinput.ClientInputForwarder.forwardInput(ClientInp
utForwarder.java:80)
	at org.gradle.launcher.daemon.server.exec.ForwardClientInput.execute(ForwardClientInp
ut.java:37)
	at org.gradle.launcher.daemon.server.api.DaemonCommandExecution.proceed(DaemonCommand
Execution.java:104)
	at org.gradle.launcher.daemon.server.exec.LogAndCheckHealth.execute(LogAndCheckHealth
.java:64)
	at org.gradle.launcher.daemon.server.api.DaemonCommandExecution.proceed(DaemonCommand
Execution.java:104)
	at org.gradle.launcher.daemon.server.exec.LogToClient.doBuild(LogToClient.java:63)
	at org.gradle.launcher.daemon.server.exec.BuildCommandOnly.execute(BuildCommandOnly.j
ava:37)
	at org.gradle.launcher.daemon.server.api.DaemonCommandExecution.proceed(DaemonCommand
Execution.java:104)
	at org.gradle.launcher.daemon.server.exec.EstablishBuildEnvironment.doBuild(Establish
BuildEnvironment.java:84)
	at org.gradle.launcher.daemon.server.exec.BuildCommandOnly.execute(BuildCommandOnly.j
ava:37)
	at org.gradle.launcher.daemon.server.api.DaemonCommandExecution.proceed(DaemonCommand
Execution.java:104)
	at org.gradle.launcher.daemon.server.exec.StartBuildOrRespondWithBusy$1.run(StartBuil
dOrRespondWithBusy.java:52)
	at org.gradle.launcher.daemon.server.DaemonStateCoordinator.lambda$runCommand$0(Daemo
nStateCoordinator.java:321)
	at org.gradle.internal.concurrent.ExecutorPolicy$CatchAndRecordFailures.onExecute(Exe
cutorPolicy.java:64)
	at org.gradle.internal.concurrent.AbstractManagedExecutor$1.run(AbstractManagedExecut
or.java:48)
Caused by: java.lang.RuntimeException: Failed to setup Minecraft, 
org.gradle.api.internal.artifacts.ivyservice.TypedResolveException: Could not resolve 
all files for configuration ':common:modImplementation'.
	at 
net.fabricmc.loom.util.ExceptionUtil.createDescriptiveWrapper(ExceptionUtil.java:59)
	at net.fabricmc.loom.configuration.CompileConfiguration.lambda$run$2(CompileConfigura
tion.java:138)
	at net.fabricmc.loom.configuration.CompileConfiguration.lambda$afterEvaluationWithSer
vice$10(CompileConfiguration.java:568)
	at net.fabricmc.loom.util.gradle.GradleUtils.lambda$afterSuccessfulEvaluation$0(Gradl
eUtils.java:50)
	at org.gradle.internal.code.DefaultUserCodeApplicationContext$CurrentApplication$1.ex
ecute(DefaultUserCodeApplicationContext.java:124)
	at org.gradle.configuration.internal.DefaultListenerBuildOperationDecorator$BuildOper
ationEmittingAction$1.run(DefaultListenerBuildOperationDecorator.java:173)
	at org.gradle.internal.operations.DefaultBuildOperationRunner$1.execute(DefaultBuildO
perationRunner.java:30)
	at org.gradle.internal.operations.DefaultBuildOperationRunner$1.execute(DefaultBuildO
perationRunner.java:27)
	at org.gradle.internal.operations.DefaultBuildOperationRunner$2.execute(DefaultBuildO
perationRunner.java:67)
	at org.gradle.internal.operations.DefaultBuildOperationRunner$2.execute(DefaultBuildO
perationRunner.java:60)
	at org.gradle.internal.operations.DefaultBuildOperationRunner.execute(DefaultBuildOpe
rationRunner.java:167)
	at org.gradle.internal.operations.DefaultBuildOperationRunner.execute(DefaultBuildOpe
rationRunner.java:60)
	at org.gradle.internal.operations.DefaultBuildOperationRunner.run(DefaultBuildOperati
onRunner.java:48)
	at org.gradle.configuration.internal.DefaultListenerBuildOperationDecorator$BuildOper
ationEmittingAction.execute(DefaultListenerBuildOperationDecorator.java:170)
	at org.gradle.internal.event.BroadcastDispatch$ActionInvocationHandler.dispatch(Broad
castDispatch.java:99)
	at org.gradle.internal.event.BroadcastDispatch$ActionInvocationHandler.dispatch(Broad
castDispatch.java:87)
	at org.gradle.internal.event.AbstractBroadcastDispatch.dispatch(AbstractBroadcastDisp
atch.java:44)
	at org.gradle.internal.event.BroadcastDispatch$SingletonDispatch.dispatch(BroadcastDi
spatch.java:268)
	at org.gradle.internal.event.BroadcastDispatch$SingletonDispatch.dispatch(BroadcastDi
spatch.java:170)
	at org.gradle.internal.event.AbstractBroadcastDispatch.dispatch(AbstractBroadcastDisp
atch.java:84)
	at org.gradle.internal.event.AbstractBroadcastDispatch.dispatch(AbstractBroadcastDisp
atch.java:70)
	at org.gradle.internal.event.BroadcastDispatch$CompositeDispatch.dispatch(BroadcastDi
spatch.java:380)
	at org.gradle.internal.event.BroadcastDispatch$CompositeDispatch.dispatch(BroadcastDi
spatch.java:272)
	at org.gradle.internal.event.ListenerBroadcast.dispatch(ListenerBroadcast.java:160)
	at org.gradle.internal.event.ListenerBroadcast.dispatch(ListenerBroadcast.java:37)
	at org.gradle.internal.dispatch.ProxyDispatchAdapter$DispatchingInvocationHandler.inv
oke(ProxyDispatchAdapter.java:92)
	at jdk.proxy1/jdk.proxy1.$Proxy57.afterEvaluate(Unknown Source)
	at org.gradle.configuration.project.LifecycleProjectEvaluator$NotifyAfterEvaluate$1.e
xecute(LifecycleProjectEvaluator.java:247)
	at org.gradle.configuration.project.LifecycleProjectEvaluator$NotifyAfterEvaluate$1.e
xecute(LifecycleProjectEvaluator.java:244)
	at org.gradle.api.internal.project.DefaultProject.stepEvaluationListener(DefaultProje
ct.java:1603)
	at org.gradle.configuration.project.LifecycleProjectEvaluator$NotifyAfterEvaluate.run
(LifecycleProjectEvaluator.java:253)
	at org.gradle.internal.operations.DefaultBuildOperationRunner$1.execute(DefaultBuildO
perationRunner.java:30)
	at org.gradle.internal.operations.DefaultBuildOperationRunner$1.execute(DefaultBuildO
perationRunner.java:27)
	at org.gradle.internal.operations.DefaultBuildOperationRunner$2.execute(DefaultBuildO
perationRunner.java:67)
	at org.gradle.internal.operations.DefaultBuildOperationRunner$2.execute(DefaultBuildO
perationRunner.java:60)
	at org.gradle.internal.operations.DefaultBuildOperationRunner.execute(DefaultBuildOpe
rationRunner.java:167)
	at org.gradle.internal.operations.DefaultBuildOperationRunner.execute(DefaultBuildOpe
rationRunner.java:60)
	at org.gradle.internal.operations.DefaultBuildOperationRunner.run(DefaultBuildOperati
onRunner.java:48)
	at org.gradle.configuration.project.LifecycleProjectEvaluator$EvaluateProject.lambda$
run$0(LifecycleProjectEvaluator.java:114)
	at org.gradle.api.internal.project.DefaultProjectStateRegistry$ProjectStateImpl.lambd
a$applyToMutableState$1(DefaultProjectStateRegistry.java:435)
	at org.gradle.api.internal.project.DefaultProjectStateRegistry$ProjectStateImpl.lambd
a$fromMutableState$2(DefaultProjectStateRegistry.java:458)
	at org.gradle.internal.work.DefaultWorkerLeaseService.withReplacedLocks(DefaultWorker
LeaseService.java:359)
	at org.gradle.api.internal.project.DefaultProjectStateRegistry$ProjectStateImpl.fromM
utableState(DefaultProjectStateRegistry.java:458)
	at org.gradle.api.internal.project.DefaultProjectStateRegistry$ProjectStateImpl.apply
ToMutableState(DefaultProjectStateRegistry.java:434)
	at org.gradle.configuration.project.LifecycleProjectEvaluator$EvaluateProject.run(Lif
ecycleProjectEvaluator.java:100)
	at org.gradle.internal.operations.DefaultBuildOperationRunner$1.execute(DefaultBuildO
perationRunner.java:30)
	at org.gradle.internal.operations.DefaultBuildOperationRunner$1.execute(DefaultBuildO
perationRunner.java:27)
	at org.gradle.internal.operations.DefaultBuildOperationRunner$2.execute(DefaultBuildO
perationRunner.java:67)
	at org.gradle.internal.operations.DefaultBuildOperationRunner$2.execute(DefaultBuildO
perationRunner.java:60)
	at org.gradle.internal.operations.DefaultBuildOperationRunner.execute(DefaultBuildOpe
rationRunner.java:167)
	at org.gradle.internal.operations.DefaultBuildOperationRunner.execute(DefaultBuildOpe
rationRunner.java:60)
	at org.gradle.internal.operations.DefaultBuildOperationRunner.run(DefaultBuildOperati
onRunner.java:48)
	at org.gradle.configuration.project.LifecycleProjectEvaluator.evaluate(LifecycleProje
ctEvaluator.java:72)
	at org.gradle.api.internal.project.DefaultProject.evaluateUnchecked(DefaultProject.ja
va:827)
	at org.gradle.api.internal.project.ProjectLifecycleController.lambda$ensureSelfConfig
ured$2(ProjectLifecycleController.java:88)
	at org.gradle.internal.model.StateTransitionController.lambda$doTransition$14(StateTr
ansitionController.java:255)
	at org.gradle.internal.model.StateTransitionController.doTransition(StateTransitionCo
ntroller.java:266)
	at org.gradle.internal.model.StateTransitionController.doTransition(StateTransitionCo
ntroller.java:254)
	at org.gradle.internal.model.StateTransitionController.lambda$maybeTransitionIfNotCur
rentlyTransitioning$10(StateTransitionController.java:199)
	at org.gradle.internal.work.DefaultSynchronizer.withLock(DefaultSynchronizer.java:36)
	at org.gradle.internal.model.StateTransitionController.maybeTransitionIfNotCurrentlyT
ransitioning(StateTransitionController.java:195)
	at org.gradle.api.internal.project.ProjectLifecycleController.ensureSelfConfigured(Pr
ojectLifecycleController.java:88)
	at org.gradle.api.internal.project.DefaultProjectStateRegistry$ProjectStateImpl.ensur
eConfigured(DefaultProjectStateRegistry.java:400)
	at org.gradle.execution.TaskPathProjectEvaluator.configure(TaskPathProjectEvaluator.j
ava:70)
	at org.gradle.execution.TaskPathProjectEvaluator.configureHierarchy(TaskPathProjectEv
aluator.java:86)
	at org.gradle.configuration.DefaultProjectsPreparer.prepareProjects(DefaultProjectsPr
eparer.java:50)
	at org.gradle.configuration.BuildTreePreparingProjectsPreparer.prepareProjects(BuildT
reePreparingProjectsPreparer.java:65)
	at org.gradle.configuration.BuildOperationFiringProjectsPreparer$ConfigureBuild.run(B
uildOperationFiringProjectsPreparer.java:52)
	at org.gradle.internal.operations.DefaultBuildOperationRunner$1.execute(DefaultBuildO
perationRunner.java:30)
	at org.gradle.internal.operations.DefaultBuildOperationRunner$1.execute(DefaultBuildO
perationRunner.java:27)
	at org.gradle.internal.operations.DefaultBuildOperationRunner$2.execute(DefaultBuildO
perationRunner.java:67)
	at org.gradle.internal.operations.DefaultBuildOperationRunner$2.execute(DefaultBuildO
perationRunner.java:60)
	at org.gradle.internal.operations.DefaultBuildOperationRunner.execute(DefaultBuildOpe
rationRunner.java:167)
	at org.gradle.internal.operations.DefaultBuildOperationRunner.execute(DefaultBuildOpe
rationRunner.java:60)
	at org.gradle.internal.operations.DefaultBuildOperationRunner.run(DefaultBuildOperati
onRunner.java:48)
	at org.gradle.configuration.BuildOperationFiringProjectsPreparer.prepareProjects(Buil
dOperationFiringProjectsPreparer.java:40)
	at org.gradle.initialization.VintageBuildModelController.lambda$prepareProjects$2(Vin
tageBuildModelController.java:84)
	at org.gradle.internal.model.StateTransitionController.lambda$doTransition$14(StateTr
ansitionController.java:255)
	at org.gradle.internal.model.StateTransitionController.doTransition(StateTransitionCo
ntroller.java:266)
	at org.gradle.internal.model.StateTransitionController.doTransition(StateTransitionCo
ntroller.java:254)
	at org.gradle.internal.model.StateTransitionController.lambda$transitionIfNotPrevious
ly$11(StateTransitionController.java:213)
	at org.gradle.internal.work.DefaultSynchronizer.withLock(DefaultSynchronizer.java:36)
	at org.gradle.internal.model.StateTransitionController.transitionIfNotPreviously(Stat
eTransitionController.java:209)
	at org.gradle.initialization.VintageBuildModelController.prepareProjects(VintageBuild
ModelController.java:84)
	at org.gradle.initialization.VintageBuildModelController.prepareToScheduleTasks(Vinta
geBuildModelController.java:71)
	at org.gradle.internal.build.DefaultBuildLifecycleController.lambda$prepareToSchedule
Tasks$6(DefaultBuildLifecycleController.java:175)
	at org.gradle.internal.model.StateTransitionController.lambda$doTransition$14(StateTr
ansitionController.java:255)
	at org.gradle.internal.model.StateTransitionController.doTransition(StateTransitionCo
ntroller.java:266)
	at org.gradle.internal.model.StateTransitionController.doTransition(StateTransitionCo
ntroller.java:254)
	at org.gradle.internal.model.StateTransitionController.lambda$maybeTransition$9(State
TransitionController.java:190)
	at org.gradle.internal.work.DefaultSynchronizer.withLock(DefaultSynchronizer.java:36)
	at org.gradle.internal.model.StateTransitionController.maybeTransition(StateTransitio
nController.java:186)
	at org.gradle.internal.build.DefaultBuildLifecycleController.prepareToScheduleTasks(D
efaultBuildLifecycleController.java:173)
	at org.gradle.internal.buildtree.DefaultBuildTreeWorkPreparer.scheduleRequestedTasks(
DefaultBuildTreeWorkPreparer.java:36)
	at org.gradle.internal.cc.impl.VintageBuildTreeWorkController$scheduleAndRunRequested
Tasks$1.apply(VintageBuildTreeWorkController.kt:36)
	at org.gradle.internal.cc.impl.VintageBuildTreeWorkController$scheduleAndRunRequested
Tasks$1.apply(VintageBuildTreeWorkController.kt:35)
	at org.gradle.composite.internal.DefaultIncludedBuildTaskGraph.withNewWorkGraph(Defau
ltIncludedBuildTaskGraph.java:112)
	at org.gradle.internal.cc.impl.VintageBuildTreeWorkController.scheduleAndRunRequested
Tasks(VintageBuildTreeWorkController.kt:35)
	at org.gradle.internal.buildtree.DefaultBuildTreeLifecycleController.lambda$scheduleA
ndRunTasks$1(DefaultBuildTreeLifecycleController.java:77)
	at org.gradle.internal.buildtree.DefaultBuildTreeLifecycleController.lambda$runBuild$
4(DefaultBuildTreeLifecycleController.java:120)
	at org.gradle.internal.model.StateTransitionController.lambda$transition$6(StateTrans
itionController.java:169)
	at org.gradle.internal.model.StateTransitionController.doTransition(StateTransitionCo
ntroller.java:266)
	at org.gradle.internal.model.StateTransitionController.lambda$transition$7(StateTrans
itionController.java:169)
	at org.gradle.internal.work.DefaultSynchronizer.withLock(DefaultSynchronizer.java:46)
	at org.gradle.internal.model.StateTransitionController.transition(StateTransitionCont
roller.java:169)
	at org.gradle.internal.buildtree.DefaultBuildTreeLifecycleController.runBuild(Default
BuildTreeLifecycleController.java:117)
	at org.gradle.internal.buildtree.DefaultBuildTreeLifecycleController.scheduleAndRunTa
sks(DefaultBuildTreeLifecycleController.java:77)
	at org.gradle.internal.buildtree.DefaultBuildTreeLifecycleController.scheduleAndRunTa
sks(DefaultBuildTreeLifecycleController.java:72)
	at org.gradle.tooling.internal.provider.ExecuteBuildActionRunner.run(ExecuteBuildActi
onRunner.java:31)
	at org.gradle.launcher.exec.ChainingBuildActionRunner.run(ChainingBuildActionRunner.j
ava:35)
	at org.gradle.internal.buildtree.ProblemReportingBuildActionRunner.run(ProblemReporti
ngBuildActionRunner.java:49)
	at org.gradle.launcher.exec.BuildOutcomeReportingBuildActionRunner.run(BuildOutcomeRe
portingBuildActionRunner.java:71)
	at org.gradle.tooling.internal.provider.FileSystemWatchingBuildActionRunner.run(FileS
ystemWatchingBuildActionRunner.java:135)
	at org.gradle.launcher.exec.BuildCompletionNotifyingBuildActionRunner.run(BuildComple
tionNotifyingBuildActionRunner.java:41)
	at org.gradle.launcher.exec.RootBuildLifecycleBuildActionExecutor.lambda$execute$0(Ro
otBuildLifecycleBuildActionExecutor.java:54)
	at org.gradle.composite.internal.DefaultRootBuildState.run(DefaultRootBuildState.java
:130)
	at org.gradle.launcher.exec.RootBuildLifecycleBuildActionExecutor.execute(RootBuildLi
fecycleBuildActionExecutor.java:54)
	at org.gradle.internal.buildtree.InitDeprecationLoggingActionExecutor.execute(InitDep
recationLoggingActionExecutor.java:62)
	at org.gradle.internal.buildtree.InitProblems.execute(InitProblems.java:36)
	at org.gradle.internal.buildtree.DefaultBuildTreeContext.execute(DefaultBuildTreeCont
ext.java:40)
	at org.gradle.launcher.exec.BuildTreeLifecycleBuildActionExecutor.lambda$execute$0(Bu
ildTreeLifecycleBuildActionExecutor.java:71)
	at org.gradle.internal.buildtree.BuildTreeState.run(BuildTreeState.java:60)
	at org.gradle.launcher.exec.BuildTreeLifecycleBuildActionExecutor.execute(BuildTreeLi
fecycleBuildActionExecutor.java:71)
	at org.gradle.launcher.exec.RunAsBuildOperationBuildActionExecutor$2.call(RunAsBuildO
perationBuildActionExecutor.java:67)
	at org.gradle.launcher.exec.RunAsBuildOperationBuildActionExecutor$2.call(RunAsBuildO
perationBuildActionExecutor.java:63)
	at org.gradle.internal.operations.DefaultBuildOperationRunner$CallableBuildOperationW
orker.execute(DefaultBuildOperationRunner.java:210)
	at org.gradle.internal.operations.DefaultBuildOperationRunner$CallableBuildOperationW
orker.execute(DefaultBuildOperationRunner.java:205)
	at org.gradle.internal.operations.DefaultBuildOperationRunner$2.execute(DefaultBuildO
perationRunner.java:67)
	at org.gradle.internal.operations.DefaultBuildOperationRunner$2.execute(DefaultBuildO
perationRunner.java:60)
	at org.gradle.internal.operations.DefaultBuildOperationRunner.execute(DefaultBuildOpe
rationRunner.java:167)
	at org.gradle.internal.operations.DefaultBuildOperationRunner.execute(DefaultBuildOpe
rationRunner.java:60)
	at org.gradle.internal.operations.DefaultBuildOperationRunner.call(DefaultBuildOperat
ionRunner.java:54)
	at org.gradle.launcher.exec.RunAsBuildOperationBuildActionExecutor.execute(RunAsBuild
OperationBuildActionExecutor.java:63)
	at org.gradle.launcher.exec.RunAsWorkerThreadBuildActionExecutor.lambda$execute$0(Run
AsWorkerThreadBuildActionExecutor.java:36)
	at org.gradle.internal.work.DefaultWorkerLeaseService.withLocks(DefaultWorkerLeaseSer
vice.java:263)
	at org.gradle.internal.work.DefaultWorkerLeaseService.runAsWorkerThread(DefaultWorker
LeaseService.java:127)
	at org.gradle.launcher.exec.RunAsWorkerThreadBuildActionExecutor.execute(RunAsWorkerT
hreadBuildActionExecutor.java:36)
	at org.gradle.tooling.internal.provider.continuous.ContinuousBuildActionExecutor.exec
ute(ContinuousBuildActionExecutor.java:110)
	at org.gradle.tooling.internal.provider.SubscribableBuildActionExecutor.execute(Subsc
ribableBuildActionExecutor.java:64)
	at org.gradle.internal.session.DefaultBuildSessionContext.execute(DefaultBuildSession
Context.java:46)
	at org.gradle.internal.buildprocess.execution.BuildSessionLifecycleBuildActionExecuto
r$ActionImpl.apply(BuildSessionLifecycleBuildActionExecutor.java:92)
	at org.gradle.internal.buildprocess.execution.BuildSessionLifecycleBuildActionExecuto
r$ActionImpl.apply(BuildSessionLifecycleBuildActionExecutor.java:80)
	at org.gradle.internal.session.BuildSessionState.run(BuildSessionState.java:73)
	at org.gradle.internal.buildprocess.execution.BuildSessionLifecycleBuildActionExecuto
r.execute(BuildSessionLifecycleBuildActionExecutor.java:62)
	at org.gradle.internal.buildprocess.execution.BuildSessionLifecycleBuildActionExecuto
r.execute(BuildSessionLifecycleBuildActionExecutor.java:41)
	at org.gradle.internal.buildprocess.execution.StartParamsValidatingActionExecutor.exe
cute(StartParamsValidatingActionExecutor.java:64)
	at org.gradle.internal.buildprocess.execution.StartParamsValidatingActionExecutor.exe
cute(StartParamsValidatingActionExecutor.java:32)
	at org.gradle.internal.buildprocess.execution.SessionFailureReportingActionExecutor.e
xecute(SessionFailureReportingActionExecutor.java:51)
	at org.gradle.internal.buildprocess.execution.SessionFailureReportingActionExecutor.e
xecute(SessionFailureReportingActionExecutor.java:39)
	at org.gradle.internal.buildprocess.execution.SetupLoggingActionExecutor.execute(Setu
pLoggingActionExecutor.java:47)
	at org.gradle.internal.buildprocess.execution.SetupLoggingActionExecutor.execute(Setu
pLoggingActionExecutor.java:31)
	at org.gradle.launcher.daemon.server.exec.ExecuteBuild.doBuild(ExecuteBuild.java:70)
	at org.gradle.launcher.daemon.server.exec.BuildCommandOnly.execute(BuildCommandOnly.j
ava:37)
	at org.gradle.launcher.daemon.server.api.DaemonCommandExecution.proceed(DaemonCommand
Execution.java:104)
	at org.gradle.launcher.daemon.server.exec.WatchForDisconnection.execute(WatchForDisco
nnection.java:39)
	at org.gradle.launcher.daemon.server.api.DaemonCommandExecution.proceed(DaemonCommand
Execution.java:104)
	at org.gradle.launcher.daemon.server.exec.ResetDeprecationLogger.execute(ResetDepreca
tionLogger.java:29)
	at org.gradle.launcher.daemon.server.api.DaemonCommandExecution.proceed(DaemonCommand
Execution.java:104)
	at org.gradle.launcher.daemon.server.exec.RequestStopIfSingleUsedDaemon.execute(Reque
stStopIfSingleUsedDaemon.java:35)
	at org.gradle.launcher.daemon.server.api.DaemonCommandExecution.proceed(DaemonCommand
Execution.java:104)
	at org.gradle.launcher.daemon.server.exec.ForwardClientInput.lambda$execute$0(Forward
ClientInput.java:40)
	at org.gradle.internal.daemon.clientinput.ClientInputForwarder.forwardInput(ClientInp
utForwarder.java:80)
	at org.gradle.launcher.daemon.server.exec.ForwardClientInput.execute(ForwardClientInp
ut.java:37)
	at org.gradle.launcher.daemon.server.api.DaemonCommandExecution.proceed(DaemonCommand
Execution.java:104)
	at org.gradle.launcher.daemon.server.exec.LogAndCheckHealth.execute(LogAndCheckHealth
.java:64)
	at org.gradle.launcher.daemon.server.api.DaemonCommandExecution.proceed(DaemonCommand
Execution.java:104)
	at org.gradle.launcher.daemon.server.exec.LogToClient.doBuild(LogToClient.java:63)
	at org.gradle.launcher.daemon.server.exec.BuildCommandOnly.execute(BuildCommandOnly.j
ava:37)
	at org.gradle.launcher.daemon.server.api.DaemonCommandExecution.proceed(DaemonCommand
Execution.java:104)
	at org.gradle.launcher.daemon.server.exec.EstablishBuildEnvironment.doBuild(Establish
BuildEnvironment.java:84)
	at org.gradle.launcher.daemon.server.exec.BuildCommandOnly.execute(BuildCommandOnly.j
ava:37)
	at org.gradle.launcher.daemon.server.api.DaemonCommandExecution.proceed(DaemonCommand
Execution.java:104)
	at org.gradle.launcher.daemon.server.exec.StartBuildOrRespondWithBusy$1.run(StartBuil
dOrRespondWithBusy.java:52)
	at org.gradle.launcher.daemon.server.DaemonStateCoordinator.lambda$runCommand$0(Daemo
nStateCoordinator.java:321)
	at org.gradle.internal.concurrent.ExecutorPolicy$CatchAndRecordFailures.onExecute(Exe
cutorPolicy.java:64)
	at org.gradle.internal.concurrent.AbstractManagedExecutor$1.run(AbstractManagedExecut
or.java:48)
Caused by: org.gradle.api.internal.artifacts.ivyservice.TypedResolveException: Could 
not resolve all files for configuration ':common:modImplementation'.
	at org.gradle.api.internal.artifacts.ResolveExceptionMapper.mapFailures(ResolveExcept
ionMapper.java:61)
	at org.gradle.api.internal.artifacts.configurations.DefaultConfiguration$DefaultResol
utionHost.consolidateFailures(DefaultConfiguration.java:1931)

Deprecated Gradle features were used in this build, making it incompatible with Gradle 9.0.

You can use '--warning-mode all' to show the individual deprecation warnings and determine if they come from your own scripts or plugins.

For more on this, please refer to https://docs.gradle.org/8.14/userguide/command_line_interface.html#sec:command_line_warnings in the Gradle documentation.
	at org.gradle.api.internal.artifacts.configurations.ResolutionHost.rethrowFailuresAnd
ReportProblems(ResolutionHost.java:75)
	at org.gradle.api.internal.artifacts.configurations.ResolutionBackedFileCollection.ma
ybeThrowResolutionFailures(ResolutionBackedFileCollection.java:86)
	at org.gradle.api.internal.artifacts.configurations.ResolutionBackedFileCollection.vi
sitContents(ResolutionBackedFileCollection.java:76)
	at org.gradle.api.internal.file.AbstractFileCollection.visitStructure(AbstractFileCol
lection.java:361)
	at org.gradle.api.internal.artifacts.configurations.DefaultConfiguration.visitContent
s(DefaultConfiguration.java:542)
	at org.gradle.api.internal.file.AbstractFileCollection.getFiles(AbstractFileCollectio
n.java:124)
	at org.gradle.api.internal.artifacts.configurations.DefaultLegacyConfiguration_Decora
ted.getFiles(Unknown Source)
	at org.gradle.api.internal.artifacts.configurations.DefaultConfiguration.resolve(Defa
ultConfiguration.java:532)
	at net.fabricmc.loom.configuration.processors.SpecContextImpl.getDependentMods(SpecCo
ntextImpl.java:82)
	at net.fabricmc.loom.configuration.processors.SpecContextImpl.create(SpecContextImpl.
java:70)
	at net.fabricmc.loom.configuration.processors.MinecraftJarProcessorManager.create(Min
ecraftJarProcessorManager.java:69)
	at net.fabricmc.loom.configuration.CompileConfiguration.setupMinecraft(CompileConfigu
ration.java:254)
	at net.fabricmc.loom.configuration.CompileConfiguration.lambda$run$2(CompileConfigura
tion.java:130)
	... 174 more
Caused by: org.gradle.internal.resolve.ModuleVersionNotFoundException: Could not find 
maven.modrinth:tiny-config:2.3.2-fabric.
Searched in the following locations:
  - file:/C:/Users/PCGAMER/Documents/GitHub/WizardsDx/.gradle/loom-cache/remapped_mods
/maven/modrinth/tiny-config/2.3.2-fabric/tiny-config-2.3.2-fabric.pom
  - file:/C:/Users/PCGAMER/.gradle/caches/fabric-loom/minecraftMaven/maven/modrinth/ti
ny-config/2.3.2-fabric/tiny-config-2.3.2-fabric.pom
  - file:/C:/Users/PCGAMER/Documents/GitHub/WizardsDx/.gradle/loom-cache/minecraftMave
n/maven/modrinth/tiny-config/2.3.2-fabric/tiny-config-2.3.2-fabric.pom
  - file:/C:/Users/PCGAMER/.gradle/caches/fabric-loom/forge/transformed-dependencies-v
1/maven/modrinth/tiny-config/2.3.2-fabric/tiny-config-2.3.2-fabric.pom
  - https://maven.fabricmc.net/maven/modrinth/tiny-config/2.3.2-fabric/tiny-config-2.3
.2-fabric.pom
  - https://libraries.minecraft.net/maven/modrinth/tiny-config/2.3.2-fabric/tiny-confi
g-2.3.2-fabric.pom
  - https://libraries.minecraft.net/maven/modrinth/tiny-config/2.3.2-fabric/tiny-confi
g-2.3.2-fabric.jar
  - https://repo.maven.apache.org/maven2/maven/modrinth/tiny-config/2.3.2-fabric/tiny-
config-2.3.2-fabric.jar
  - https://repo.maven.apache.org/maven2/maven/modrinth/tiny-config/2.3.2-fabric/tiny-
config-2.3.2-fabric.pom
  - https://maven.architectury.dev/maven/modrinth/tiny-config/2.3.2-fabric/tiny-config
-2.3.2-fabric.pom
  - https://maven.kosmx.dev/maven/modrinth/tiny-config/2.3.2-fabric/tiny-config-2.3.2-
fabric.pom
  - https://maven.shedaniel.me/maven/modrinth/tiny-config/2.3.2-fabric/tiny-config-2.3
.2-fabric.pom
  - https://maven.azuredoom.com/mods/maven/modrinth/tiny-config/2.3.2-fabric/tiny-conf
ig-2.3.2-fabric.pom
  - https://maven.terraformersmc.com/maven/modrinth/tiny-config/2.3.2-fabric/tiny-conf
ig-2.3.2-fabric.pom
  - https://api.modrinth.com/maven/maven/modrinth/tiny-config/2.3.2-fabric/tiny-config
-2.3.2-fabric.pom
  - https://maven.ladysnake.org/releases/maven/modrinth/tiny-config/2.3.2-fabric/tiny-
config-2.3.2-fabric.pom
  - https://maven.wispforest.io/releases/maven/modrinth/tiny-config/2.3.2-fabric/tiny-
config-2.3.2-fabric.pom
  - https://maven.su5ed.dev/releases/maven/modrinth/tiny-config/2.3.2-fabric/tiny-conf
ig-2.3.2-fabric.pom
  - file:/C:/Users/PCGAMER/.m2/repository/maven/modrinth/tiny-config/2.3.2-fabric/tiny
-config-2.3.2-fabric.pom
Required by:
    project :common


BUILD FAILED in 11s
